// Jest Snapshot v1, https://goo.gl/fbAQLP

exports[`FileList has a valid snapshot 1`] = `
<div
  className="filelist"
>
  <h1>
    Your work
  </h1>
  <div
    className="filelist-tagline"
  >
    Last edited
  </div>
  <div
    className="Spinner"
  >
    <svg
      className="Spinner-spinner"
      height="32px"
      viewBox="0 0 66 66"
      width="32px"
      xmlns="http://www.w3.org/2000/svg"
    >
      <circle
        className="Spinner-path"
        cx="33"
        cy="33"
        fill="none"
        r="30"
        strokeLinecap="round"
        strokeWidth="6"
      />
    </svg>
    <style>
      
            .Spinner {
                width: 100%;
                height: 100%;
                display: flex;
                justify-content: center;
                padding-top: 2rem;
            }
            .Spinner-spinner {
            animation: rotator 1.4s linear infinite;
            }
            @keyframes rotator {
            0% {
                transform: rotate(0deg);
            }
            100% {
                transform: rotate(270deg);
            }
            }
            .Spinner-path {
            stroke-dasharray: 187;
            stroke-dashoffset: 0;
            transform-origin: center;
            animation: dash 1.4s ease-in-out infinite, colors 5.6s ease-in-out infinite;
            }
            @keyframes colors {
            0% {
                stroke: #4285f4;
            }
            25% {
                stroke: #de3e35;
            }
            50% {
                stroke: #f7c223;
            }
            75% {
                stroke: #1b9a59;
            }
            100% {
                stroke: #4285f4;
            }
            }
            @keyframes dash {
            0% {
                stroke-dashoffset: 187;
            }
            50% {
                stroke-dashoffset: 46.75;
                transform: rotate(135deg);
            }
            100% {
                stroke-dashoffset: 187;
                transform: rotate(450deg);
            }
            }                
        
    </style>
  </div>
  <style>
    
                        .filelist h1 {
                            border-bottom: 1px solid var(--border-color);
                            font-size: 1.5rem;
                            font-weight: 400;
                            margin: 0;
                            padding: 1rem .5rem;
                        }
                        .filelist-list {
                            list-style-type: none;
                            padding-inline-start: unset;
                        }
                        .filelist-tagline {
                            margin-top: 1rem;
                            font-weight: 600;
                        }
                        .filelist-list a {
                            border-radius: var(--border-radius);
                            color: var(--link-color);
                            display: block;
                            font-size: 1rem;
                            padding: .5rem 1rem;
                        }
                        .filelist-list a:hover {
                            background-color: var(--hover-bg-color);
                            text-decoration: none;
                        }
                        .filelist-list a img {
                            height: 1rem;
                            width: 1rem;
                            padding-right: 1rem;
                        }
                        .filelist-list a img, .filelist-list a span {
                            display: inline-block;
                            vertical-align: middle;
                        }
                    
  </style>
</div>
`;
